2026-06-01 17:18:57 INFO  - 📥 Đăng nhập hệ thống thành công.
2026-06-01 17:19:46 INFO  - 📦 Đã thêm mới thành công sản phẩm mã: AAA
2026-06-01 17:20:15 INFO  - 📦 Đã thêm mới thành công sản phẩm mã: SH7
2026-06-01 17:21:04 INFO  - 📦 Đã thêm mới thành công sản phẩm mã: IP16
2026-06-01 17:21:20 INFO  - 📝 Đã cập nhật thành công thông tin sản phẩm mã: AAA
2026-06-01 17:21:40 INFO  - 📝 Đã cập nhật thành công thông tin sản phẩm mã: IP16
2026-06-01 17:22:21 INFO  - 📝 Đã cập nhật thành công thông tin sản phẩm mã: AAA
2026-06-01 17:22:53 INFO  - Cập nhật người dùng thành công : 34
2026-06-01 19:25:56 INFO  - 📥 Đăng nhập hệ thống thành công.
2026-06-01 19:26:06 INFO  - 🗑️ Đã xóa thành công sản phẩm có mã: AAA
2026-06-01 19:26:10 INFO  - 🗑️ Đã xóa thành công sản phẩm có mã: H49
2026-06-01 19:26:14 INFO  - 🗑️ Đã xóa thành công sản phẩm có mã: IP16
2026-06-01 19:26:18 INFO  - 🗑️ Đã xóa thành công sản phẩm có mã: SH7
2026-06-01 19:28:27 INFO  - 📤 Đăng xuất khỏi hệ thống.
2026-06-01 19:33:32 INFO  - 📥 Đăng nhập hệ thống thành công.
2026-06-01 19:41:02 INFO  - 📥 Đăng nhập hệ thống thành công.
2026-06-01 19:41:17 INFO  - 📦 Đã thêm mới thành công sản phẩm mã: A71
2026-06-01 19:41:42 INFO  - 📦 Đã thêm mới thành công sản phẩm mã: H49
2026-06-01 20:56:22 INFO  - 📥 Đăng nhập hệ thống thành công.
2026-06-01 20:56:55 INFO  - 📝 Đã cập nhật thành công thông tin sản phẩm mã: A71
2026-06-01 21:06:27 INFO  - 📥 Đăng nhập hệ thống thành công.
2026-06-01 21:06:53 INFO  - 📦 Đã thêm mới thành công sản phẩm mã: IP16
2026-06-01 21:07:27 INFO  - 📝 Đã cập nhật thành công thông tin sản phẩm mã: IP16
2026-06-01 21:38:16 INFO  - 📥 Đăng nhập hệ thống thành công.
2026-06-01 21:38:50 INFO  - 📦 Đã thêm mới thành công sản phẩm mã: H45
2026-06-01 21:39:09 INFO  - 📝 Đã cập nhật thành công thông tin sản phẩm mã: H45
2026-06-01 21:43:56 INFO  - 📥 Đăng nhập hệ thống thành công.
2026-06-01 21:45:55 INFO  - 📝 Đã cập nhật thành công thông tin sản phẩm mã: A71
2026-06-01 21:54:07 INFO  - 📥 Đăng nhập hệ thống thành công.
2026-06-01 21:54:13 INFO  - 🗑️ Đã xóa thành công sản phẩm có mã: H49
2026-06-01 21:54:17 INFO  - 🗑️ Đã xóa thành công sản phẩm có mã: H45
2026-06-01 21:54:20 INFO  - 🗑️ Đã xóa thành công sản phẩm có mã: A71
2026-06-01 21:54:24 INFO  - 🗑️ Đã xóa thành công sản phẩm có mã: IP16
2026-06-01 21:55:29 INFO  - 📥 Đăng nhập hệ thống thành công.
2026-06-01 21:55:56 INFO  - 📦 Đã thêm mới thành công sản phẩm mã: A71
2026-06-01 22:02:29 INFO  - 📥 Đăng nhập hệ thống thành công.
2026-06-01 22:02:44 INFO  - 📦 Đã thêm mới thành công sản phẩm mã: SH7
2026-06-01 22:02:59 INFO  - 📝 Đã cập nhật thành công thông tin sản phẩm mã: SH7
2026-06-01 22:15:53 INFO  - 📥 Đăng nhập hệ thống thành công.
2026-06-01 22:16:30 INFO  - 📦 Đã thêm mới thành công sản phẩm mã: H49
2026-06-01 22:29:50 INFO  - 📥 Đăng nhập hệ thống thành công.
2026-06-01 22:29:58 INFO  - 📤 Đăng xuất khỏi hệ thống.
