2026-06-03 07:22:36 INFO  - 📥 Đăng nhập hệ thống thành công.
2026-06-03 08:05:38 INFO  - 📥 Đăng nhập hệ thống thành công.
2026-06-03 08:06:01 INFO  - Tạo user mới thành công: thanhmanph
2026-06-03 08:34:07 INFO  - 📥 Đăng nhập hệ thống thành công.
2026-06-03 08:34:14 INFO  - Xóa user thành công: thanhmanph
2026-06-03 08:34:31 INFO  - Tạo user mới thành công: thanhmanph
2026-06-03 08:35:25 INFO  - Xóa user thành công: thanhmanph
2026-06-03 08:39:03 INFO  - 📥 Đăng nhập hệ thống thành công.
2026-06-03 08:39:24 INFO  - Tạo user mới thành công: thanhmanph
2026-06-03 08:41:48 INFO  - 📥 Đăng nhập hệ thống thành công.
2026-06-03 08:41:56 INFO  - Xóa user thành công: thanhmanph
2026-06-03 08:42:15 INFO  - Tạo user mới thành công: manhaoqn
2026-06-03 09:13:58 INFO  - 📥 Đăng nhập hệ thống thành công.
2026-06-03 09:14:04 INFO  - Xóa user thành công: manhaoqn
2026-06-03 09:14:23 INFO  - Tạo user mới thành công: thanhmanph
2026-06-03 09:20:04 INFO  - 📥 Đăng nhập hệ thống thành công.
2026-06-03 09:20:11 INFO  - Xóa user thành công: thanhmanph
2026-06-03 09:27:18 INFO  - 📥 Đăng nhập hệ thống thành công.
2026-06-03 09:27:34 INFO  - Tạo user mới thành công: thanhmanph
2026-06-03 10:03:03 INFO  - 📥 Đăng nhập hệ thống thành công.
2026-06-03 10:50:03 INFO  - 📥 Đăng nhập hệ thống thành công.
2026-06-03 12:08:21 INFO  - 📥 Đăng nhập hệ thống thành công.
2026-06-03 12:09:02 INFO  - 📦 Đã thêm mới thành công sản phẩm mã: R59
2026-06-03 12:09:28 INFO  - 🗑️ Đã xóa thành công sản phẩm có mã: A71
2026-06-03 12:09:32 INFO  - 🗑️ Đã xóa thành công sản phẩm có mã: H49
2026-06-03 12:09:36 INFO  - 🗑️ Đã xóa thành công sản phẩm có mã: R59
2026-06-03 12:09:39 INFO  - 🗑️ Đã xóa thành công sản phẩm có mã: SH7
2026-06-03 12:10:10 INFO  - Cập nhật người dùng thành công : 43
2026-06-03 12:10:14 INFO  - Xóa user thành công: thanhmanph
2026-06-03 12:44:41 INFO  - 📥 Đăng nhập hệ thống thành công.
2026-06-03 16:27:14 INFO  - 📥 Đăng nhập hệ thống thành công.
