2026-06-03 07:22:36 [admin] INFO  - 📥 Đăng nhập hệ thống thành công.
2026-06-03 08:05:38 [admin] INFO  - 📥 Đăng nhập hệ thống thành công.
2026-06-03 08:06:01 [admin] INFO  - Tạo user mới thành công: thanhmanph
2026-06-03 08:34:07 [admin] INFO  - 📥 Đăng nhập hệ thống thành công.
2026-06-03 08:34:14 [admin] INFO  - Xóa user thành công: thanhmanph
2026-06-03 08:34:31 [admin] INFO  - Tạo user mới thành công: thanhmanph
2026-06-03 08:35:25 [admin] INFO  - Xóa user thành công: thanhmanph
2026-06-03 08:39:03 [admin] INFO  - 📥 Đăng nhập hệ thống thành công.
2026-06-03 08:39:24 [admin] INFO  - Tạo user mới thành công: thanhmanph
2026-06-03 08:41:48 [admin] INFO  - 📥 Đăng nhập hệ thống thành công.
2026-06-03 08:41:56 [admin] INFO  - Xóa user thành công: thanhmanph
2026-06-03 08:42:15 [admin] INFO  - Tạo user mới thành công: manhaoqn
2026-06-03 09:13:58 [admin] INFO  - 📥 Đăng nhập hệ thống thành công.
2026-06-03 09:14:04 [admin] INFO  - Xóa user thành công: manhaoqn
2026-06-03 09:14:23 [admin] INFO  - Tạo user mới thành công: thanhmanph
2026-06-03 09:20:04 [admin] INFO  - 📥 Đăng nhập hệ thống thành công.
2026-06-03 09:20:11 [admin] INFO  - Xóa user thành công: thanhmanph
2026-06-03 09:27:18 [admin] INFO  - 📥 Đăng nhập hệ thống thành công.
2026-06-03 09:27:34 [admin] INFO  - Tạo user mới thành công: thanhmanph
2026-06-03 10:03:03 [admin] INFO  - 📥 Đăng nhập hệ thống thành công.
2026-06-03 10:50:03 [admin] INFO  - 📥 Đăng nhập hệ thống thành công.
2026-06-03 12:08:21 [admin] INFO  - 📥 Đăng nhập hệ thống thành công.
2026-06-03 12:09:02 [admin] INFO  - 📦 Đã thêm mới thành công sản phẩm mã: R59
2026-06-03 12:09:28 [admin] INFO  - 🗑️ Đã xóa thành công sản phẩm có mã: A71
2026-06-03 12:09:32 [admin] INFO  - 🗑️ Đã xóa thành công sản phẩm có mã: H49
2026-06-03 12:09:36 [admin] INFO  - 🗑️ Đã xóa thành công sản phẩm có mã: R59
2026-06-03 12:09:39 [admin] INFO  - 🗑️ Đã xóa thành công sản phẩm có mã: SH7
2026-06-03 12:10:10 [admin] INFO  - Cập nhật người dùng thành công : 43
2026-06-03 12:10:14 [admin] INFO  - Xóa user thành công: thanhmanph
2026-06-03 12:44:41 [admin] INFO  - 📥 Đăng nhập hệ thống thành công.
2026-06-03 16:27:14 [admin] INFO  - 📥 Đăng nhập hệ thống thành công.
2026-06-03 20:04:26 [admin] INFO  - 📥 Đăng nhập hệ thống thành công.
2026-06-03 20:04:50 [admin] INFO  - 📦 Đã thêm mới thành công sản phẩm mã: A71
2026-06-03 20:05:04 [admin] INFO  - 📝 Đã cập nhật thành công thông tin sản phẩm mã: A71
2026-06-03 20:05:13 [admin] INFO  - 🗑️ Đã xóa thành công sản phẩm có mã: A71
2026-06-03 20:05:32 [admin] INFO  - Cập nhật người dùng thành công : 34
