2026-06-08 07:17:51.990 [background-preinit] INFO  org.hibernate.validator.internal.util.Version - HV000001: Hibernate Validator 8.0.2.Final
2026-06-08 07:17:53.259 [restartedMain] INFO  me.paulschwarz.springdotenv.DotenvPropertySource - Initializing Dotenv with DotenvConfig{directory=null, filename=null, ignoreIfMalformed=false, ignoreIfMissing=true, systemProperties=false, prefix=null}
2026-06-08 07:17:53.712 [restartedMain] INFO  dienpq.RunApplication - Starting RunApplication using Java 21.0.11 with PID 55 (/app/target/classes started by root in /app)
2026-06-08 07:17:53.737 [restartedMain] INFO  dienpq.RunApplication - No active profile set, falling back to 1 default profile: "default"
2026-06-08 07:17:54.401 [restartedMain] INFO  o.s.b.d.env.DevToolsPropertyDefaultsPostProcessor - Devtools property defaults active! Set 'spring.devtools.add-properties' to 'false' to disable
2026-06-08 07:17:54.413 [restartedMain] INFO  o.s.b.d.env.DevToolsPropertyDefaultsPostProcessor - For additional web related logging consider setting the 'logging.level.web' property to 'DEBUG'
2026-06-08 07:18:18.656 [restartedMain] INFO  o.s.d.r.config.RepositoryConfigurationDelegate - Bootstrapping Spring Data JPA repositories in DEFAULT mode.
2026-06-08 07:18:20.261 [restartedMain] INFO  o.s.d.r.config.RepositoryConfigurationDelegate - Finished Spring Data repository scanning in 1467 ms. Found 3 JPA repository interfaces.
2026-06-08 07:18:34.942 [restartedMain] INFO  o.s.boot.web.embedded.tomcat.TomcatWebServer - Tomcat initialized with port 8080 (http)
2026-06-08 07:18:35.163 [restartedMain] INFO  org.apache.coyote.http11.Http11NioProtocol - Initializing ProtocolHandler ["http-nio-8080"]
2026-06-08 07:18:35.215 [restartedMain] INFO  org.apache.catalina.core.StandardService - Starting service [Tomcat]
2026-06-08 07:18:35.223 [restartedMain] INFO  org.apache.catalina.core.StandardEngine - Starting Servlet engine: [Apache Tomcat/10.1.36]
2026-06-08 07:18:36.172 [restartedMain] INFO  o.a.c.core.ContainerBase.[Tomcat].[localhost].[/] - Initializing Spring embedded WebApplicationContext
2026-06-08 07:18:36.193 [restartedMain] INFO  o.s.b.w.s.c.ServletWebServerApplicationContext - Root WebApplicationContext: initialization completed in 41754 ms
2026-06-08 07:18:43.005 [restartedMain] INFO  org.hibernate.jpa.internal.util.LogHelper - HHH000204: Processing PersistenceUnitInfo [name: default]
2026-06-08 07:18:44.089 [restartedMain] INFO  org.hibernate.Version - HHH000412: Hibernate ORM core version 6.6.8.Final
2026-06-08 07:18:44.797 [restartedMain] INFO  o.hibernate.cache.internal.RegionFactoryInitiator - HHH000026: Second-level cache disabled
2026-06-08 07:18:50.010 [restartedMain] INFO  o.s.o.j.persistenceunit.SpringPersistenceUnitInfo - No LoadTimeWeaver setup: ignoring JPA class transformer
2026-06-08 07:18:50.400 [restartedMain] INFO  com.zaxxer.hikari.HikariDataSource - HikariPool-1 - Starting...
2026-06-08 07:18:52.663 [restartedMain] INFO  com.zaxxer.hikari.pool.HikariPool - HikariPool-1 - Added connection com.mysql.cj.jdbc.ConnectionImpl@67de981c
2026-06-08 07:18:52.691 [restartedMain] INFO  com.zaxxer.hikari.HikariDataSource - HikariPool-1 - Start completed.
2026-06-08 07:18:53.459 [restartedMain] WARN  org.hibernate.orm.deprecation - HHH90000025: MySQLDialect does not need to be specified explicitly using 'hibernate.dialect' (remove the property setting and it will be selected by default)
2026-06-08 07:18:53.712 [restartedMain] INFO  org.hibernate.orm.connections.pooling - HHH10001005: Database info:
	Database JDBC URL [Connecting through datasource 'HikariDataSource (HikariPool-1)']
	Database driver: undefined/unknown
	Database version: 8.0.46
	Autocommit mode: undefined/unknown
	Isolation level: undefined/unknown
	Minimum pool size: undefined/unknown
	Maximum pool size: undefined/unknown
2026-06-08 07:19:16.410 [restartedMain] INFO  o.h.e.t.jta.platform.internal.JtaPlatformInitiator - HHH000489: No JTA platform available (set 'hibernate.transaction.jta.platform' to enable JTA platform integration)
2026-06-08 07:19:17.065 [restartedMain] INFO  o.s.orm.jpa.LocalContainerEntityManagerFactoryBean - Initialized JPA EntityManagerFactory for persistence unit 'default'
2026-06-08 07:19:24.383 [restartedMain] INFO  o.s.data.jpa.repository.query.QueryEnhancerFactory - Hibernate is in classpath; If applicable, HQL parser will be used.
2026-06-08 07:19:37.283 [restartedMain] INFO  o.s.s.c.a.a.c.InitializeUserDetailsBeanManagerConfigurer$InitializeUserDetailsManagerConfigurer - Global AuthenticationManager configured with UserDetailsService bean with name springUserAdapter
2026-06-08 07:19:37.935 [restartedMain] WARN  o.s.b.a.o.j.JpaBaseConfiguration$JpaWebConfiguration - spring.jpa.open-in-view is enabled by default. Therefore, database queries may be performed during view rendering. Explicitly configure spring.jpa.open-in-view to disable this warning
2026-06-08 07:19:46.326 [restartedMain] INFO  o.s.b.actuate.endpoint.web.EndpointLinksResolver - Exposing 4 endpoints beneath base path '/actuator'
2026-06-08 07:19:59.112 [restartedMain] INFO  o.s.b.d.autoconfigure.OptionalLiveReloadServer - LiveReload server is running on port 35729
2026-06-08 07:20:01.432 [restartedMain] INFO  org.apache.coyote.http11.Http11NioProtocol - Starting ProtocolHandler ["http-nio-8080"]
2026-06-08 07:20:01.478 [restartedMain] INFO  o.s.boot.web.embedded.tomcat.TomcatWebServer - Tomcat started on port 8080 (http) with context path '/'
2026-06-08 07:20:01.522 [restartedMain] INFO  dienpq.RunApplication - Started RunApplication in 136.058 seconds (process running for 140.375)
2026-06-08 07:20:05.971 [restartedMain] DEBUG org.hibernate.SQL - 
    select
        ue1_0.id,
        ue1_0.email,
        ue1_0.image_url,
        ue1_0.password,
        ue1_0.role,
        ue1_0.username 
    from
        users ue1_0 
    where
        ue1_0.email=? 
        or ue1_0.username=?
2026-06-08 07:20:05.991 [restartedMain] TRACE org.hibernate.orm.jdbc.bind - binding parameter (1:VARCHAR) <- [dienpq@gmail.com]
2026-06-08 07:20:05.996 [restartedMain] TRACE org.hibernate.orm.jdbc.bind - binding parameter (2:VARCHAR) <- [admin]
2026-06-08 07:20:28.347 [tomcat-handler-0] INFO  o.a.c.core.ContainerBase.[Tomcat].[localhost].[/] - Initializing Spring DispatcherServlet 'dispatcherServlet'
2026-06-08 07:20:28.352 [tomcat-handler-0] INFO  org.springframework.web.servlet.DispatcherServlet - Initializing Servlet 'dispatcherServlet'
2026-06-08 07:20:28.378 [tomcat-handler-0] INFO  org.springframework.web.servlet.DispatcherServlet - Completed initialization in 20 ms
2026-06-08 07:21:26.429 [tomcat-handler-6] DEBUG org.hibernate.SQL - 
    select
        ue1_0.id,
        ue1_0.email,
        ue1_0.image_url,
        ue1_0.password,
        ue1_0.role,
        ue1_0.username 
    from
        users ue1_0 
    where
        ue1_0.email=? 
        or ue1_0.username=?
2026-06-08 07:21:26.525 [tomcat-handler-6] TRACE org.hibernate.orm.jdbc.bind - binding parameter (1:VARCHAR) <- [dienpq@gmail.com]
2026-06-08 07:21:26.540 [tomcat-handler-6] TRACE org.hibernate.orm.jdbc.bind - binding parameter (2:VARCHAR) <- [dienpq@gmail.com]
2026-06-08 07:40:40.805 [SpringApplicationShutdownHook] INFO  o.s.boot.web.embedded.tomcat.GracefulShutdown - Commencing graceful shutdown. Waiting for active requests to complete
2026-06-08 07:40:41.029 [tomcat-shutdown] INFO  o.s.boot.web.embedded.tomcat.GracefulShutdown - Graceful shutdown complete
2026-06-08 07:40:43.163 [SpringApplicationShutdownHook] INFO  o.s.orm.jpa.LocalContainerEntityManagerFactoryBean - Closing JPA EntityManagerFactory for persistence unit 'default'
2026-06-08 07:40:43.633 [SpringApplicationShutdownHook] INFO  com.zaxxer.hikari.HikariDataSource - HikariPool-1 - Shutdown initiated...
2026-06-08 07:40:43.727 [SpringApplicationShutdownHook] INFO  com.zaxxer.hikari.HikariDataSource - HikariPool-1 - Shutdown completed.
