2026-06-01 17:18:57 [admin] INFO  - 📥 Đăng nhập hệ thống thành công.
2026-06-01 17:19:46 [admin] INFO  - 📦 Đã thêm mới thành công sản phẩm mã: AAA
2026-06-01 17:20:15 [admin] INFO  - 📦 Đã thêm mới thành công sản phẩm mã: SH7
2026-06-01 17:21:04 [admin] INFO  - 📦 Đã thêm mới thành công sản phẩm mã: IP16
2026-06-01 17:21:20 [admin] INFO  - 📝 Đã cập nhật thành công thông tin sản phẩm mã: AAA
2026-06-01 17:21:40 [admin] INFO  - 📝 Đã cập nhật thành công thông tin sản phẩm mã: IP16
2026-06-01 17:22:21 [admin] INFO  - 📝 Đã cập nhật thành công thông tin sản phẩm mã: AAA
2026-06-01 17:22:53 [admin] INFO  - Cập nhật người dùng thành công : 34
2026-06-01 19:25:56 [admin] INFO  - 📥 Đăng nhập hệ thống thành công.
2026-06-01 19:26:06 [admin] INFO  - 🗑️ Đã xóa thành công sản phẩm có mã: AAA
2026-06-01 19:26:10 [admin] INFO  - 🗑️ Đã xóa thành công sản phẩm có mã: H49
2026-06-01 19:26:14 [admin] INFO  - 🗑️ Đã xóa thành công sản phẩm có mã: IP16
2026-06-01 19:26:18 [admin] INFO  - 🗑️ Đã xóa thành công sản phẩm có mã: SH7
2026-06-01 19:28:27 [admin] INFO  - 📤 Đăng xuất khỏi hệ thống.
2026-06-01 19:33:32 [admin] INFO  - 📥 Đăng nhập hệ thống thành công.
2026-06-01 19:41:02 [admin] INFO  - 📥 Đăng nhập hệ thống thành công.
2026-06-01 19:41:17 [admin] INFO  - 📦 Đã thêm mới thành công sản phẩm mã: A71
2026-06-01 19:41:42 [admin] INFO  - 📦 Đã thêm mới thành công sản phẩm mã: H49
2026-06-01 20:56:22 [admin] INFO  - 📥 Đăng nhập hệ thống thành công.
2026-06-01 20:56:55 [admin] INFO  - 📝 Đã cập nhật thành công thông tin sản phẩm mã: A71
2026-06-01 21:06:27 [admin] INFO  - 📥 Đăng nhập hệ thống thành công.
2026-06-01 21:06:53 [admin] INFO  - 📦 Đã thêm mới thành công sản phẩm mã: IP16
2026-06-01 21:07:27 [admin] INFO  - 📝 Đã cập nhật thành công thông tin sản phẩm mã: IP16
2026-06-01 21:38:16 [admin] INFO  - 📥 Đăng nhập hệ thống thành công.
2026-06-01 21:38:50 [admin] INFO  - 📦 Đã thêm mới thành công sản phẩm mã: H45
2026-06-01 21:39:09 [admin] INFO  - 📝 Đã cập nhật thành công thông tin sản phẩm mã: H45
2026-06-01 21:43:56 [admin] INFO  - 📥 Đăng nhập hệ thống thành công.
2026-06-01 21:45:55 [admin] INFO  - 📝 Đã cập nhật thành công thông tin sản phẩm mã: A71
2026-06-01 21:54:07 [admin] INFO  - 📥 Đăng nhập hệ thống thành công.
2026-06-01 21:54:13 [admin] INFO  - 🗑️ Đã xóa thành công sản phẩm có mã: H49
2026-06-01 21:54:17 [admin] INFO  - 🗑️ Đã xóa thành công sản phẩm có mã: H45
2026-06-01 21:54:20 [admin] INFO  - 🗑️ Đã xóa thành công sản phẩm có mã: A71
2026-06-01 21:54:24 [admin] INFO  - 🗑️ Đã xóa thành công sản phẩm có mã: IP16
2026-06-01 21:55:29 [admin] INFO  - 📥 Đăng nhập hệ thống thành công.
2026-06-01 21:55:56 [admin] INFO  - 📦 Đã thêm mới thành công sản phẩm mã: A71
2026-06-01 22:02:29 [admin] INFO  - 📥 Đăng nhập hệ thống thành công.
2026-06-01 22:02:44 [admin] INFO  - 📦 Đã thêm mới thành công sản phẩm mã: SH7
2026-06-01 22:02:59 [admin] INFO  - 📝 Đã cập nhật thành công thông tin sản phẩm mã: SH7
2026-06-01 22:15:53 [admin] INFO  - 📥 Đăng nhập hệ thống thành công.
2026-06-01 22:16:30 [admin] INFO  - 📦 Đã thêm mới thành công sản phẩm mã: H49
2026-06-01 22:29:50 [admin] INFO  - 📥 Đăng nhập hệ thống thành công.
2026-06-01 22:29:58 [admin] INFO  - 📤 Đăng xuất khỏi hệ thống.
